Release 14.4 - xst P.49d (nt64)
Copyright (c) 1995-2012 Xilinx, Inc.  All rights reserved.
--> Parameter TMPDIR set to xst/projnav.tmp


Total REAL time to Xst completion: 0.00 secs
Total CPU time to Xst completion: 0.65 secs
 
--> Parameter xsthdpdir set to xst


Total REAL time to Xst completion: 0.00 secs
Total CPU time to Xst completion: 0.65 secs
 
--> Reading design: camera.prj

TABLE OF CONTENTS
  1) Synthesis Options Summary
  2) HDL Compilation
  3) Design Hierarchy Analysis
  4) HDL Analysis
  5) HDL Synthesis
     5.1) HDL Synthesis Report
  6) Advanced HDL Synthesis
     6.1) Advanced HDL Synthesis Report
  7) Low Level Synthesis
  8) Partition Report
  9) Final Report
	9.1) Device utilization summary
	9.2) Partition Resource Summary
	9.3) TIMING REPORT


=========================================================================
*                      Synthesis Options Summary                        *
=========================================================================
---- Source Parameters
Input File Name                    : "camera.prj"
Input Format                       : mixed
Ignore Synthesis Constraint File   : NO

---- Target Parameters
Output File Name                   : "camera"
Output Format                      : NGC
Target Device                      : xc3s500e-5-vq100

---- Source Options
Top Module Name                    : camera
Automatic FSM Extraction           : YES
FSM Encoding Algorithm             : Auto
Safe Implementation                : No
FSM Style                          : LUT
RAM Extraction                     : Yes
RAM Style                          : Auto
ROM Extraction                     : Yes
Mux Style                          : Auto
Decoder Extraction                 : YES
Priority Encoder Extraction        : Yes
Shift Register Extraction          : YES
Logical Shifter Extraction         : YES
XOR Collapsing                     : YES
ROM Style                          : Auto
Mux Extraction                     : Yes
Resource Sharing                   : YES
Asynchronous To Synchronous        : NO
Multiplier Style                   : Auto
Automatic Register Balancing       : No

---- Target Options
Add IO Buffers                     : YES
Global Maximum Fanout              : 100000
Add Generic Clock Buffer(BUFG)     : 24
Register Duplication               : YES
Slice Packing                      : YES
Optimize Instantiated Primitives   : NO
Use Clock Enable                   : Yes
Use Synchronous Set                : Yes
Use Synchronous Reset              : Yes
Pack IO Registers into IOBs        : Auto
Equivalent register Removal        : YES

---- General Options
Optimization Goal                  : Speed
Optimization Effort                : 1
Keep Hierarchy                     : No
Netlist Hierarchy                  : As_Optimized
RTL Output                         : Yes
Global Optimization                : AllClockNets
Read Cores                         : YES
Write Timing Constraints           : NO
Cross Clock Analysis               : NO
Hierarchy Separator                : /
Bus Delimiter                      : <>
Case Specifier                     : Maintain
Slice Utilization Ratio            : 100
BRAM Utilization Ratio             : 100
Verilog 2001                       : YES
Auto BRAM Packing                  : NO
Slice Utilization Ratio Delta      : 5

=========================================================================


=========================================================================
*                          HDL Compilation                              *
=========================================================================
Compiling verilog file "process_color.v" in library work
Compiling verilog file "counter_columns.v" in library work
Module <process_color> compiled
Compiling verilog file "capture_color.v" in library work
Module <counter_columns> compiled
Compiling verilog file "camera.v" in library work
Module <capture_color> compiled
Module <camera> compiled
No errors in compilation
Analysis of file <"camera.prj"> succeeded.
 

=========================================================================
*                     Design Hierarchy Analysis                         *
=========================================================================
Analyzing hierarchy for module <camera> in library <work>.

Analyzing hierarchy for module <counter_rows> in library <work>.

Analyzing hierarchy for module <counter_columns> in library <work> with parameters.
	BYTE1 = "0"
	BYTE2 = "1"

Analyzing hierarchy for module <capture_color> in library <work> with parameters.
	BYTE1 = "0"
	BYTE2 = "1"

Analyzing hierarchy for module <process_color> in library <work> with parameters.
	Bmax = "00101"
	Bmin = "00000"
	Gmax = "000101"
	Gmin = "000000"
	Rmax = "11111"
	Rmin = "11001"
	altura = "00000000000000000000000111100000"
	anchura = "00000000000000000000001010000000"


=========================================================================
*                            HDL Analysis                               *
=========================================================================
Analyzing top module <camera>.
Module <camera> is correct for synthesis.
 
Analyzing module <counter_rows> in library <work>.
Module <counter_rows> is correct for synthesis.
 
Analyzing module <counter_columns> in library <work>.
	BYTE1 = 1'b0
	BYTE2 = 1'b1
Module <counter_columns> is correct for synthesis.
 
Analyzing module <capture_color> in library <work>.
	BYTE1 = 1'b0
	BYTE2 = 1'b1
Module <capture_color> is correct for synthesis.
 
Analyzing module <process_color> in library <work>.
	Bmax = 5'b00101
	Bmin = 5'b00000
	Gmax = 6'b000101
	Gmin = 6'b000000
	Rmax = 5'b11111
	Rmin = 5'b11001
	altura = 32'sb00000000000000000000000111100000
	anchura = 32'sb00000000000000000000001010000000
Module <process_color> is correct for synthesis.
 

=========================================================================
*                           HDL Synthesis                               *
=========================================================================

Performing bidirectional port resolution...

Synthesizing Unit <counter_rows>.
    Related source file is "counter_rows.v".
WARNING:Xst:647 - Input <PCLK> is never used. This port will be preserved and left unconnected if it belongs to a top-level block or it belongs to a sub-block and the hierarchy of this sub-block is preserved.
WARNING:Xst:653 - Signal <VSYNC_pulse_high> is used but never assigned. This sourceless signal will be automatically connected to value 0.
WARNING:Xst:646 - Signal <VSYNC_constant_high> is assigned but never used. This unconnected signal will be trimmed during the optimization process.
    Found 1-bit register for signal <debug_reg>.
    Found 1-bit register for signal <HREF_1xdelay>.
    Found 9-bit register for signal <pixel_fila_reg>.
    Found 9-bit adder for signal <pixel_fila_reg$addsub0000> created at line 46.
    Found 1-bit register for signal <VSYNC_1xdelay>.
    Summary:
	inferred  12 D-type flip-flop(s).
	inferred   1 Adder/Subtractor(s).
Unit <counter_rows> synthesized.


Synthesizing Unit <counter_columns>.
    Related source file is "counter_columns.v".
WARNING:Xst:646 - Signal <VSYNC_1xdelay> is assigned but never used. This unconnected signal will be trimmed during the optimization process.
WARNING:Xst:1780 - Signal <PXCLK_pulse_high> is never used or assigned. This unconnected signal will be trimmed during the optimization process.
WARNING:Xst:1780 - Signal <PXCLK_1xdelay> is never used or assigned. This unconnected signal will be trimmed during the optimization process.
    Found 1-bit register for signal <debug_reg>.
    Found 1-bit register for signal <HREF_1xdelay>.
    Found 1-bit register for signal <PCLK_1xdelay>.
    Found 10-bit register for signal <pixel_columna_reg>.
    Found 10-bit adder for signal <pixel_columna_reg$addsub0000> created at line 58.
    Found 1-bit register for signal <state>.
    Summary:
	inferred  14 D-type flip-flop(s).
	inferred   1 Adder/Subtractor(s).
Unit <counter_columns> synthesized.


Synthesizing Unit <capture_color>.
    Related source file is "capture_color.v".
WARNING:Xst:646 - Signal <debug_reg> is assigned but never used. This unconnected signal will be trimmed during the optimization process.
WARNING:Xst:646 - Signal <VSYNC_1xdelay> is assigned but never used. This unconnected signal will be trimmed during the optimization process.
    Found 5-bit register for signal <BLUE_reg>.
    Found 3-bit register for signal <GREEN_prev>.
    Found 6-bit register for signal <GREEN_reg>.
    Found 1-bit register for signal <HREF_1xdelay>.
    Found 1-bit register for signal <PCLK_1xdelay>.
    Found 1-bit register for signal <ready_color_reg>.
    Found 5-bit register for signal <RED_reg>.
    Found 1-bit register for signal <state>.
    Summary:
	inferred  23 D-type flip-flop(s).
Unit <capture_color> synthesized.


Synthesizing Unit <process_color>.
    Related source file is "process_color.v".
WARNING:Xst:647 - Input <START> is never used. This port will be preserved and left unconnected if it belongs to a top-level block or it belongs to a sub-block and the hierarchy of this sub-block is preserved.
WARNING:Xst:647 - Input <PIXEL_ROW> is never used. This port will be preserved and left unconnected if it belongs to a top-level block or it belongs to a sub-block and the hierarchy of this sub-block is preserved.
WARNING:Xst:647 - Input <PIXEL_COLUMN> is never used. This port will be preserved and left unconnected if it belongs to a top-level block or it belongs to a sub-block and the hierarchy of this sub-block is preserved.
WARNING:Xst:1780 - Signal <red_color> is never used or assigned. This unconnected signal will be trimmed during the optimization process.
WARNING:Xst:1780 - Signal <led_reg> is never used or assigned. This unconnected signal will be trimmed during the optimization process.
WARNING:Xst:1780 - Signal <acumY_reg> is never used or assigned. This unconnected signal will be trimmed during the optimization process.
WARNING:Xst:1780 - Signal <acumX_reg> is never used or assigned. This unconnected signal will be trimmed during the optimization process.
WARNING:Xst:646 - Signal <VSYNC_1xdelay> is assigned but never used. This unconnected signal will be trimmed during the optimization process.
WARNING:Xst:646 - Signal <HREF_constant_low> is assigned but never used. This unconnected signal will be trimmed during the optimization process.
WARNING:Xst:646 - Signal <HREF_constant_high> is assigned but never used. This unconnected signal will be trimmed during the optimization process.
    Found 1-bit register for signal <debug_reg>.
    Found 5-bit comparator greatequal for signal <debug_reg$cmp_ge0000> created at line 77.
    Found 6-bit comparator lessequal for signal <debug_reg$cmp_le0000> created at line 77.
    Found 5-bit comparator lessequal for signal <debug_reg$cmp_le0001> created at line 77.
    Found 1-bit register for signal <PCLK_1xdelay>.
    Found 18-bit up counter for signal <sum_reg>.
    Summary:
	inferred   1 Counter(s).
	inferred   2 D-type flip-flop(s).
	inferred   3 Comparator(s).
Unit <process_color> synthesized.


Synthesizing Unit <camera>.
    Related source file is "camera.v".
WARNING:Xst:647 - Input <START_I2C> is never used. This port will be preserved and left unconnected if it belongs to a top-level block or it belongs to a sub-block and the hierarchy of this sub-block is preserved.
WARNING:Xst:653 - Signal <START> is used but never assigned. This sourceless signal will be automatically connected to value 1.
Unit <camera> synthesized.


=========================================================================
HDL Synthesis Report

Macro Statistics
# Adders/Subtractors                                   : 2
 10-bit adder                                          : 1
 9-bit adder                                           : 1
# Registers                                            : 18
 1-bit register                                        : 12
 10-bit register                                       : 1
 3-bit register                                        : 1
 5-bit register                                        : 2
 6-bit register                                        : 1
 9-bit register                                        : 1
# Comparators                                          : 3
 5-bit comparator greatequal                           : 1
 5-bit comparator lessequal                            : 1
 6-bit comparator lessequal                            : 1

=========================================================================

=========================================================================
*                       Advanced HDL Synthesis                          *
=========================================================================

WARNING:Xst:1290 - Hierarchical block <counter_rows_0> is unconnected in block <camera>.
   It will be removed from the design.
WARNING:Xst:1290 - Hierarchical block <counter_columns_0> is unconnected in block <camera>.
   It will be removed from the design.

=========================================================================
Advanced HDL Synthesis Report

Macro Statistics
# Adders/Subtractors                                   : 2
 10-bit adder                                          : 1
 9-bit adder                                           : 1
# Registers                                            : 50
 Flip-Flops                                            : 50
# Comparators                                          : 3
 5-bit comparator greatequal                           : 1
 5-bit comparator lessequal                            : 1
 6-bit comparator lessequal                            : 1

=========================================================================

=========================================================================
*                         Low Level Synthesis                           *
=========================================================================

Optimizing unit <camera> ...

Optimizing unit <counter_rows> ...

Optimizing unit <counter_columns> ...

Optimizing unit <capture_color> ...

Optimizing unit <process_color> ...
WARNING:Xst:2677 - Node <counter_rows_0/debug_reg> of sequential type is unconnected in block <camera>.
WARNING:Xst:2677 - Node <counter_rows_0/HREF_1xdelay> of sequential type is unconnected in block <camera>.
WARNING:Xst:2677 - Node <counter_rows_0/VSYNC_1xdelay> of sequential type is unconnected in block <camera>.
WARNING:Xst:2677 - Node <counter_rows_0/pixel_fila_reg_8> of sequential type is unconnected in block <camera>.
WARNING:Xst:2677 - Node <counter_rows_0/pixel_fila_reg_7> of sequential type is unconnected in block <camera>.
WARNING:Xst:2677 - Node <counter_rows_0/pixel_fila_reg_6> of sequential type is unconnected in block <camera>.
WARNING:Xst:2677 - Node <counter_rows_0/pixel_fila_reg_5> of sequential type is unconnected in block <camera>.
WARNING:Xst:2677 - Node <counter_rows_0/pixel_fila_reg_4> of sequential type is unconnected in block <camera>.
WARNING:Xst:2677 - Node <counter_rows_0/pixel_fila_reg_3> of sequential type is unconnected in block <camera>.
WARNING:Xst:2677 - Node <counter_rows_0/pixel_fila_reg_2> of sequential type is unconnected in block <camera>.
WARNING:Xst:2677 - Node <counter_rows_0/pixel_fila_reg_1> of sequential type is unconnected in block <camera>.
WARNING:Xst:2677 - Node <counter_rows_0/pixel_fila_reg_0> of sequential type is unconnected in block <camera>.
WARNING:Xst:2677 - Node <counter_columns_0/pixel_columna_reg_9> of sequential type is unconnected in block <camera>.
WARNING:Xst:2677 - Node <counter_columns_0/pixel_columna_reg_8> of sequential type is unconnected in block <camera>.
WARNING:Xst:2677 - Node <counter_columns_0/pixel_columna_reg_7> of sequential type is unconnected in block <camera>.
WARNING:Xst:2677 - Node <counter_columns_0/pixel_columna_reg_6> of sequential type is unconnected in block <camera>.
WARNING:Xst:2677 - Node <counter_columns_0/pixel_columna_reg_5> of sequential type is unconnected in block <camera>.
WARNING:Xst:2677 - Node <counter_columns_0/pixel_columna_reg_4> of sequential type is unconnected in block <camera>.
WARNING:Xst:2677 - Node <counter_columns_0/pixel_columna_reg_3> of sequential type is unconnected in block <camera>.
WARNING:Xst:2677 - Node <counter_columns_0/pixel_columna_reg_2> of sequential type is unconnected in block <camera>.
WARNING:Xst:2677 - Node <counter_columns_0/pixel_columna_reg_1> of sequential type is unconnected in block <camera>.
WARNING:Xst:2677 - Node <counter_columns_0/pixel_columna_reg_0> of sequential type is unconnected in block <camera>.
WARNING:Xst:2677 - Node <counter_columns_0/PCLK_1xdelay> of sequential type is unconnected in block <camera>.
WARNING:Xst:2677 - Node <counter_columns_0/HREF_1xdelay> of sequential type is unconnected in block <camera>.
WARNING:Xst:2677 - Node <counter_columns_0/state> of sequential type is unconnected in block <camera>.
WARNING:Xst:2677 - Node <capture_color_0/GREEN_reg_0> of sequential type is unconnected in block <camera>.
WARNING:Xst:2677 - Node <capture_color_0/BLUE_reg_0> of sequential type is unconnected in block <camera>.

Mapping all equations...
Building and optimizing final netlist ...
INFO:Xst:2261 - The FF/Latch <capture_color_0/PCLK_1xdelay> in Unit <camera> is equivalent to the following FF/Latch, which will be removed : <process_color_0/PCLK_1xdelay> 
Found area constraint ratio of 100 (+ 5) on block camera, actual ratio is 0.

Final Macro Processing ...

=========================================================================
Final Register Report

Macro Statistics
# Registers                                            : 22
 Flip-Flops                                            : 22

=========================================================================

=========================================================================
*                           Partition Report                            *
=========================================================================

Partition Implementation Status
-------------------------------

  No Partitions were found in this design.

-------------------------------

=========================================================================
*                            Final Report                               *
=========================================================================
Final Results
RTL Top Level Output File Name     : camera.ngr
Top Level Output File Name         : camera
Output Format                      : NGC
Optimization Goal                  : Speed
Keep Hierarchy                     : No

Design Statistics
# IOs                              : 14

Cell Usage :
# BELS                             : 11
#      LUT2                        : 2
#      LUT3                        : 2
#      LUT3_L                      : 1
#      LUT4                        : 6
# FlipFlops/Latches                : 22
#      FD                          : 2
#      FDE                         : 20
# Clock Buffers                    : 1
#      BUFGP                       : 1
# IO Buffers                       : 11
#      IBUF                        : 10
#      OBUF                        : 1
=========================================================================

Device utilization summary:
---------------------------

Selected Device : 3s500evq100-5 

 Number of Slices:                       13  out of   4656     0%  
 Number of Slice Flip Flops:             22  out of   9312     0%  
 Number of 4 input LUTs:                 11  out of   9312     0%  
 Number of IOs:                          14
 Number of bonded IOBs:                  12  out of     66    18%  
 Number of GCLKs:                         1  out of     24     4%  

---------------------------
Partition Resource Summary:
---------------------------

  No Partitions were found in this design.

---------------------------


=========================================================================
TIMING REPORT

NOTE: THESE TIMING NUMBERS ARE ONLY A SYNTHESIS ESTIMATE.
      FOR ACCURATE TIMING INFORMATION PLEASE REFER TO THE TRACE REPORT
      GENERATED AFTER PLACE-and-ROUTE.

Clock Information:
------------------
-----------------------------------+------------------------+-------+
Clock Signal                       | Clock buffer(FF name)  | Load  |
-----------------------------------+------------------------+-------+
CLK                                | BUFGP                  | 22    |
-----------------------------------+------------------------+-------+

Asynchronous Control Signals Information:
----------------------------------------
No asynchronous control signals found in this design

Timing Summary:
---------------
Speed Grade: -5

   Minimum period: 2.941ns (Maximum Frequency: 340.020MHz)
   Minimum input arrival time before clock: 4.762ns
   Maximum output required time after clock: 4.040ns
   Maximum combinational path delay: No path found

Timing Detail:
--------------
All values displayed in nanoseconds (ns)

=========================================================================
Timing constraint: Default period analysis for Clock 'CLK'
  Clock period: 2.941ns (frequency: 340.020MHz)
  Total number of paths / destination ports: 80 / 26
-------------------------------------------------------------------------
Delay:               2.941ns (Levels of Logic = 2)
  Source:            capture_color_0/BLUE_reg_2 (FF)
  Destination:       process_color_0/debug_reg (FF)
  Source Clock:      CLK rising
  Destination Clock: CLK rising

  Data Path: capture_color_0/BLUE_reg_2 to process_color_0/debug_reg
                                Gate     Net
    Cell:in->out      fanout   Delay   Delay  Logical Name (Net Name)
    ----------------------------------------  ------------
     FDE:C->Q              1   0.514   0.509  capture_color_0/BLUE_reg_2 (capture_color_0/BLUE_reg_2)
     LUT3:I0->O            1   0.612   0.426  process_color_0/debug_reg_and000111 (process_color_0/debug_reg_and000111)
     LUT4:I1->O            1   0.612   0.000  process_color_0/debug_reg_and000156 (process_color_0/debug_reg_and0001)
     FDE:D                     0.268          process_color_0/debug_reg
    ----------------------------------------
    Total                      2.941ns (2.006ns logic, 0.935ns route)
                                       (68.2% logic, 31.8% route)

=========================================================================
Timing constraint: Default OFFSET IN BEFORE for Clock 'CLK'
  Total number of paths / destination ports: 59 / 38
-------------------------------------------------------------------------
Offset:              4.762ns (Levels of Logic = 3)
  Source:            PCLK (PAD)
  Destination:       capture_color_0/GREEN_reg_5 (FF)
  Destination Clock: CLK rising

  Data Path: PCLK to capture_color_0/GREEN_reg_5
                                Gate     Net
    Cell:in->out      fanout   Delay   Delay  Logical Name (Net Name)
    ----------------------------------------  ------------
     IBUF:I->O             5   1.106   0.690  PCLK_IBUF (PCLK_IBUF)
     LUT2:I0->O            1   0.612   0.509  capture_color_0/GREEN_reg_not000111_SW1 (N4)
     LUT4:I0->O           10   0.612   0.750  capture_color_0/GREEN_reg_not00012 (capture_color_0/GREEN_reg_not0001)
     FDE:CE                    0.483          capture_color_0/BLUE_reg_1
    ----------------------------------------
    Total                      4.762ns (2.813ns logic, 1.949ns route)
                                       (59.1% logic, 40.9% route)

=========================================================================
Timing constraint: Default OFFSET OUT AFTER for Clock 'CLK'
  Total number of paths / destination ports: 1 / 1
-------------------------------------------------------------------------
Offset:              4.040ns (Levels of Logic = 1)
  Source:            process_color_0/debug_reg (FF)
  Destination:       DEBUG (PAD)
  Source Clock:      CLK rising

  Data Path: process_color_0/debug_reg to DEBUG
                                Gate     Net
    Cell:in->out      fanout   Delay   Delay  Logical Name (Net Name)
    ----------------------------------------  ------------
     FDE:C->Q              1   0.514   0.357  process_color_0/debug_reg (process_color_0/debug_reg)
     OBUF:I->O                 3.169          DEBUG_OBUF (DEBUG)
    ----------------------------------------
    Total                      4.040ns (3.683ns logic, 0.357ns route)
                                       (91.2% logic, 8.8% route)

=========================================================================


Total REAL time to Xst completion: 9.00 secs
Total CPU time to Xst completion: 9.47 secs
 
--> 

Total memory usage is 4585232 kilobytes

Number of errors   :    0 (   0 filtered)
Number of warnings :   49 (   0 filtered)
Number of infos    :    1 (   0 filtered)

