* ******************************************************************************

* iCEcube Report

* Version:            2017.08.27940

* Build Date:         Sep 11 2017 16:52:36

* File Generated:     May 18 2019 12:10:43

* Purpose:            General info of design implementation

* Copyright (C) 2006-2010 by Lattice Semiconductor Corp. All rights reserved.

* ******************************************************************************

Synthesis/Placement Summary:
----------------------------
    Status:  Successful
    Runtime: 2 seconds

Device Info:
------------
    Device Family: iCE40UP
    Device:        iCE40UP5K
    Package:       SG48

Design statistics:
------------------
    FFs:                  786
    LUTs:                 1659
    RAMs:                 0
    IOBs:                 10
    GBs:                  8
    PLLs:                 1
    Warm Boots:           0
    SPIs:                 0
    I2Cs:                 0
    HFOSCs:               0
    LFOSCs:               0
    RGBA_DRVs:            0
    LEDDA_IPs:            0
    DSPs:                 7
    SPRAMs:               0
    FILTER_50NSs:         0

Logic Resource Utilization:
---------------------------
    Total Logic Cells: 1680/5280
        Combinational Logic Cells: 894      out of   5280      16.9318%
        Sequential Logic Cells:    786      out of   5280      14.8864%
        Logic Tiles:               354      out of   660       53.6364%
    Registers: 
        Logic Registers:           786      out of   5280      14.8864%
        IO Registers:              0        out of   480       0
    Block RAMs:                    0        out of   30        0%
    Warm Boots:                    0        out of   1         0%
    SPIs:                          0        out of   2         0%
    I2Cs:                          0        out of   2         0%
    HFOSCs:                        0        out of   1         0%
    LFOSCs:                        0        out of   1         0%
    RGBA_DRVs:                     0        out of   1         0%
    LEDDA_IPs:                     0        out of   1         0%
    DSPs:                          7        out of   8         87.5%
    SPRAMs:                        0        out of   4         0%
    FILTER_50NSs:                  0        out of   2         0%
    Pins:
        Input Pins:                2        out of   39        5.12821%
        Output Pins:               8        out of   39        20.5128%
        InOut Pins:                0        out of   39        0%
    Global Buffers:                8        out of   8         100%
    PLLs:                          1        out of   1         100%

IO Bank Utilization:
--------------------
    Bank 3: 0        out of   0         0%
    Bank 1: 0        out of   0         0%
    Bank 0: 0        out of   17        0%
    Bank 2: 10       out of   22        45.4545%

Detailed I/O Info:
------------------
    Input Pins: 
    Pin Number  Direction  IO Standard  Pull Up  IO Bank  IO Function    Signal Name       
    ----------  ---------  -----------  -------  -------  -----------    -----------       
    2           Input      SB_LVCMOS    No       2        Simple Input   uart_input_drone  
    4           Input      SB_LVCMOS    No       2        Simple Input   uart_input_pc     

    Output Pins: 
    Pin Number  Direction  IO Standard  Pull Up  IO Bank  IO Function    Signal Name       
    ----------  ---------  -----------  -------  -------  -----------    -----------       
    6           Output     SB_LVCMOS    No       2        Simple Output  ppm_output        
    9           Output     SB_LVCMOS    No       2        Simple Output  debug_CH0_16A     
    10          Output     SB_LVCMOS    No       2        Simple Output  debug_CH2_18A     
    11          Output     SB_LVCMOS    No       2        Simple Output  debug_CH3_20A     
    18          Output     SB_LVCMOS    No       2        Simple Output  debug_CH5_31B     
    45          Output     SB_LVCMOS    No       2        Simple Output  debug_CH6_5B      
    46          Output     SB_LVCMOS    No       2        Simple Output  debug_CH1_0A      
    47          Output     SB_LVCMOS    No       2        Simple Output  debug_CH4_2A      

Detailed Global Buffer Info:
----------------------------
    Buffer Number  IO Bank  Driven By  Fanout  Signal Name            
    -------------  -------  ---------  ------  -----------            
    4              0                   19      ppm_encoder_1.N_419_g  
    7              2                   63      pid_alt.N_664_0_g      
    0              2                   786     clk_system_pll_g       
    2              0                   188     N_665_g                
    6              2                   462     reset_system_g         
    3              0                   43      pid_front.state_0_g_0  
    5              2                   43      pid_side.state_0_g_0   
    1              0                   68      pid_alt.state_0_g_0    


Router Summary:
---------------
    Status:  Successful
    Runtime: 34 seconds

Routing Resource Utilization:
-----------------------------
              Local line of tile    11449 out of 110555      10.3559%
                          Span 4     2945 out of  23008      12.7999%
                         Span 12      402 out of   4464      9.00538%
                  Global network        8 out of      8      100%
      Vertical Inter-LUT Connect      184 out of   4620      3.98268%

